// Jest Snapshot v1, https://goo.gl/fbAQLP

exports[`CalendarRow should render 1`] = `
<div
  className="calendar-row"
>
  <div
    className="calendar-cell cell-label"
  >
    <p>
      Celery
    </p>
    <small>
       
      <span
        className="other"
      >
        Other
      </span>
       | 
      <em>
        Apium graveolens
      </em>
    </small>
  </div>
  <Cell
    cellIndex={1}
    isActive=""
    key="MAR-1"
    mPos={
      Object {
        "id": 357,
        "month": "MAR",
        "segment": 1,
        "status": "none",
        "unit": "",
        "value": "0.00",
      }
    }
    vegetable={
      Object {
        "category": Object {
          "id": 9,
          "key": "other",
          "label": "Other",
        },
        "id": 11,
        "key": "celery",
        "label": "Celery",
        "mPos": Array [
          Object {
            "id": 351,
            "month": "JAN",
            "segment": 1,
            "status": "late",
            "unit": "bunch",
            "value": "1.99",
          },
          Object {
            "id": 352,
            "month": "JAN",
            "segment": 2,
            "status": "late",
            "unit": "bunch",
            "value": "1.99",
          },
          Object {
            "id": 353,
            "month": "JAN",
            "segment": 3,
            "status": "late",
            "unit": "bunch",
            "value": "1.99",
          },
          Object {
            "id": 354,
            "month": "FEB",
            "segment": 1,
            "status": "none",
            "unit": "",
            "value": "0.00",
          },
          Object {
            "id": 355,
            "month": "FEB",
            "segment": 2,
            "status": "none",
            "unit": "",
            "value": "0.00",
          },
          Object {
            "id": 356,
            "month": "FEB",
            "segment": 3,
            "status": "none",
            "unit": "",
            "value": "0.00",
          },
          Object {
            "id": 357,
            "month": "MAR",
            "segment": 1,
            "status": "none",
            "unit": "",
            "value": "0.00",
          },
          Object {
            "id": 358,
            "month": "MAR",
            "segment": 2,
            "status": "none",
            "unit": "",
            "value": "0.00",
          },
          Object {
            "id": 359,
            "month": "MAR",
            "segment": 3,
            "status": "none",
            "unit": "",
            "value": "0.00",
          },
          Object {
            "id": 360,
            "month": "APR",
            "segment": 1,
            "status": "early",
            "unit": "bunch",
            "value": "1.99",
          },
          Object {
            "id": 361,
            "month": "APR",
            "segment": 2,
            "status": "early",
            "unit": "bunch",
            "value": "1.99",
          },
          Object {
            "id": 362,
            "month": "APR",
            "segment": 3,
            "status": "early",
            "unit": "bunch",
            "value": "1.99",
          },
          Object {
            "id": 363,
            "month": "MAY",
            "segment": 1,
            "status": "early",
            "unit": "bunch",
            "value": "1.99",
          },
          Object {
            "id": 364,
            "month": "MAY",
            "segment": 2,
            "status": "peak",
            "unit": "bunch",
            "value": "1.99",
          },
          Object {
            "id": 365,
            "month": "MAY",
            "segment": 3,
            "status": "peak",
            "unit": "bunch",
            "value": "1.99",
          },
          Object {
            "id": 366,
            "month": "JUN",
            "segment": 1,
            "status": "peak",
            "unit": "bunch",
            "value": "1.99",
          },
          Object {
            "id": 367,
            "month": "JUN",
            "segment": 2,
            "status": "peak",
            "unit": "bunch",
            "value": "1.99",
          },
          Object {
            "id": 368,
            "month": "JUN",
            "segment": 3,
            "status": "peak",
            "unit": "bunch",
            "value": "1.99",
          },
          Object {
            "id": 369,
            "month": "JUL",
            "segment": 1,
            "status": "peak",
            "unit": "bunch",
            "value": "1.99",
          },
          Object {
            "id": 370,
            "month": "JUL",
            "segment": 2,
            "status": "peak",
            "unit": "bunch",
            "value": "1.99",
          },
          Object {
            "id": 371,
            "month": "AUG",
            "segment": 1,
            "status": "peak",
            "unit": "bunch",
            "value": "1.99",
          },
          Object {
            "id": 372,
            "month": "AUG",
            "segment": 2,
            "status": "peak",
            "unit": "bunch",
            "value": "1.99",
          },
          Object {
            "id": 373,
            "month": "AUG",
            "segment": 3,
            "status": "peak",
            "unit": "bunch",
            "value": "1.99",
          },
          Object {
            "id": 374,
            "month": "SEP",
            "segment": 1,
            "status": "peak",
            "unit": "bunch",
            "value": "1.99",
          },
          Object {
            "id": 375,
            "month": "SEP",
            "segment": 2,
            "status": "peak",
            "unit": "bunch",
            "value": "1.99",
          },
          Object {
            "id": 376,
            "month": "SEP",
            "segment": 3,
            "status": "peak",
            "unit": "bunch",
            "value": "1.99",
          },
          Object {
            "id": 377,
            "month": "OCT",
            "segment": 1,
            "status": "peak",
            "unit": "bunch",
            "value": "1.99",
          },
          Object {
            "id": 378,
            "month": "OCT",
            "segment": 2,
            "status": "peak",
            "unit": "bunch",
            "value": "1.99",
          },
          Object {
            "id": 379,
            "month": "OCT",
            "segment": 3,
            "status": "peak",
            "unit": "bunch",
            "value": "1.99",
          },
          Object {
            "id": 380,
            "month": "NOV",
            "segment": 1,
            "status": "peak",
            "unit": "bunch",
            "value": "1.99",
          },
          Object {
            "id": 381,
            "month": "NOV",
            "segment": 2,
            "status": "peak",
            "unit": "bunch",
            "value": "1.99",
          },
          Object {
            "id": 382,
            "month": "NOV",
            "segment": 3,
            "status": "peak",
            "unit": "bunch",
            "value": "1.99",
          },
          Object {
            "id": 383,
            "month": "DEC",
            "segment": 1,
            "status": "peak",
            "unit": "bunch",
            "value": "1.99",
          },
          Object {
            "id": 384,
            "month": "DEC",
            "segment": 2,
            "status": "peak",
            "unit": "bunch",
            "value": "1.99",
          },
          Object {
            "id": 385,
            "month": "DEC",
            "segment": 3,
            "status": "peak",
            "unit": "bunch",
            "value": "1.99",
          },
        ],
        "scientific_name": "Apium graveolens",
      }
    }
  />
  <Cell
    cellIndex={2}
    isActive=""
    key="MAR-2"
    mPos={
      Object {
        "id": 358,
        "month": "MAR",
        "segment": 2,
        "status": "none",
        "unit": "",
        "value": "0.00",
      }
    }
    vegetable={
      Object {
        "category": Object {
          "id": 9,
          "key": "other",
          "label": "Other",
        },
        "id": 11,
        "key": "celery",
        "label": "Celery",
        "mPos": Array [
          Object {
            "id": 351,
            "month": "JAN",
            "segment": 1,
            "status": "late",
            "unit": "bunch",
            "value": "1.99",
          },
          Object {
            "id": 352,
            "month": "JAN",
            "segment": 2,
            "status": "late",
            "unit": "bunch",
            "value": "1.99",
          },
          Object {
            "id": 353,
            "month": "JAN",
            "segment": 3,
            "status": "late",
            "unit": "bunch",
            "value": "1.99",
          },
          Object {
            "id": 354,
            "month": "FEB",
            "segment": 1,
            "status": "none",
            "unit": "",
            "value": "0.00",
          },
          Object {
            "id": 355,
            "month": "FEB",
            "segment": 2,
            "status": "none",
            "unit": "",
            "value": "0.00",
          },
          Object {
            "id": 356,
            "month": "FEB",
            "segment": 3,
            "status": "none",
            "unit": "",
            "value": "0.00",
          },
          Object {
            "id": 357,
            "month": "MAR",
            "segment": 1,
            "status": "none",
            "unit": "",
            "value": "0.00",
          },
          Object {
            "id": 358,
            "month": "MAR",
            "segment": 2,
            "status": "none",
            "unit": "",
            "value": "0.00",
          },
          Object {
            "id": 359,
            "month": "MAR",
            "segment": 3,
            "status": "none",
            "unit": "",
            "value": "0.00",
          },
          Object {
            "id": 360,
            "month": "APR",
            "segment": 1,
            "status": "early",
            "unit": "bunch",
            "value": "1.99",
          },
          Object {
            "id": 361,
            "month": "APR",
            "segment": 2,
            "status": "early",
            "unit": "bunch",
            "value": "1.99",
          },
          Object {
            "id": 362,
            "month": "APR",
            "segment": 3,
            "status": "early",
            "unit": "bunch",
            "value": "1.99",
          },
          Object {
            "id": 363,
            "month": "MAY",
            "segment": 1,
            "status": "early",
            "unit": "bunch",
            "value": "1.99",
          },
          Object {
            "id": 364,
            "month": "MAY",
            "segment": 2,
            "status": "peak",
            "unit": "bunch",
            "value": "1.99",
          },
          Object {
            "id": 365,
            "month": "MAY",
            "segment": 3,
            "status": "peak",
            "unit": "bunch",
            "value": "1.99",
          },
          Object {
            "id": 366,
            "month": "JUN",
            "segment": 1,
            "status": "peak",
            "unit": "bunch",
            "value": "1.99",
          },
          Object {
            "id": 367,
            "month": "JUN",
            "segment": 2,
            "status": "peak",
            "unit": "bunch",
            "value": "1.99",
          },
          Object {
            "id": 368,
            "month": "JUN",
            "segment": 3,
            "status": "peak",
            "unit": "bunch",
            "value": "1.99",
          },
          Object {
            "id": 369,
            "month": "JUL",
            "segment": 1,
            "status": "peak",
            "unit": "bunch",
            "value": "1.99",
          },
          Object {
            "id": 370,
            "month": "JUL",
            "segment": 2,
            "status": "peak",
            "unit": "bunch",
            "value": "1.99",
          },
          Object {
            "id": 371,
            "month": "AUG",
            "segment": 1,
            "status": "peak",
            "unit": "bunch",
            "value": "1.99",
          },
          Object {
            "id": 372,
            "month": "AUG",
            "segment": 2,
            "status": "peak",
            "unit": "bunch",
            "value": "1.99",
          },
          Object {
            "id": 373,
            "month": "AUG",
            "segment": 3,
            "status": "peak",
            "unit": "bunch",
            "value": "1.99",
          },
          Object {
            "id": 374,
            "month": "SEP",
            "segment": 1,
            "status": "peak",
            "unit": "bunch",
            "value": "1.99",
          },
          Object {
            "id": 375,
            "month": "SEP",
            "segment": 2,
            "status": "peak",
            "unit": "bunch",
            "value": "1.99",
          },
          Object {
            "id": 376,
            "month": "SEP",
            "segment": 3,
            "status": "peak",
            "unit": "bunch",
            "value": "1.99",
          },
          Object {
            "id": 377,
            "month": "OCT",
            "segment": 1,
            "status": "peak",
            "unit": "bunch",
            "value": "1.99",
          },
          Object {
            "id": 378,
            "month": "OCT",
            "segment": 2,
            "status": "peak",
            "unit": "bunch",
            "value": "1.99",
          },
          Object {
            "id": 379,
            "month": "OCT",
            "segment": 3,
            "status": "peak",
            "unit": "bunch",
            "value": "1.99",
          },
          Object {
            "id": 380,
            "month": "NOV",
            "segment": 1,
            "status": "peak",
            "unit": "bunch",
            "value": "1.99",
          },
          Object {
            "id": 381,
            "month": "NOV",
            "segment": 2,
            "status": "peak",
            "unit": "bunch",
            "value": "1.99",
          },
          Object {
            "id": 382,
            "month": "NOV",
            "segment": 3,
            "status": "peak",
            "unit": "bunch",
            "value": "1.99",
          },
          Object {
            "id": 383,
            "month": "DEC",
            "segment": 1,
            "status": "peak",
            "unit": "bunch",
            "value": "1.99",
          },
          Object {
            "id": 384,
            "month": "DEC",
            "segment": 2,
            "status": "peak",
            "unit": "bunch",
            "value": "1.99",
          },
          Object {
            "id": 385,
            "month": "DEC",
            "segment": 3,
            "status": "peak",
            "unit": "bunch",
            "value": "1.99",
          },
        ],
        "scientific_name": "Apium graveolens",
      }
    }
  />
  <Cell
    cellIndex={3}
    isActive=""
    key="MAR-3"
    mPos={
      Object {
        "id": 359,
        "month": "MAR",
        "segment": 3,
        "status": "none",
        "unit": "",
        "value": "0.00",
      }
    }
    vegetable={
      Object {
        "category": Object {
          "id": 9,
          "key": "other",
          "label": "Other",
        },
        "id": 11,
        "key": "celery",
        "label": "Celery",
        "mPos": Array [
          Object {
            "id": 351,
            "month": "JAN",
            "segment": 1,
            "status": "late",
            "unit": "bunch",
            "value": "1.99",
          },
          Object {
            "id": 352,
            "month": "JAN",
            "segment": 2,
            "status": "late",
            "unit": "bunch",
            "value": "1.99",
          },
          Object {
            "id": 353,
            "month": "JAN",
            "segment": 3,
            "status": "late",
            "unit": "bunch",
            "value": "1.99",
          },
          Object {
            "id": 354,
            "month": "FEB",
            "segment": 1,
            "status": "none",
            "unit": "",
            "value": "0.00",
          },
          Object {
            "id": 355,
            "month": "FEB",
            "segment": 2,
            "status": "none",
            "unit": "",
            "value": "0.00",
          },
          Object {
            "id": 356,
            "month": "FEB",
            "segment": 3,
            "status": "none",
            "unit": "",
            "value": "0.00",
          },
          Object {
            "id": 357,
            "month": "MAR",
            "segment": 1,
            "status": "none",
            "unit": "",
            "value": "0.00",
          },
          Object {
            "id": 358,
            "month": "MAR",
            "segment": 2,
            "status": "none",
            "unit": "",
            "value": "0.00",
          },
          Object {
            "id": 359,
            "month": "MAR",
            "segment": 3,
            "status": "none",
            "unit": "",
            "value": "0.00",
          },
          Object {
            "id": 360,
            "month": "APR",
            "segment": 1,
            "status": "early",
            "unit": "bunch",
            "value": "1.99",
          },
          Object {
            "id": 361,
            "month": "APR",
            "segment": 2,
            "status": "early",
            "unit": "bunch",
            "value": "1.99",
          },
          Object {
            "id": 362,
            "month": "APR",
            "segment": 3,
            "status": "early",
            "unit": "bunch",
            "value": "1.99",
          },
          Object {
            "id": 363,
            "month": "MAY",
            "segment": 1,
            "status": "early",
            "unit": "bunch",
            "value": "1.99",
          },
          Object {
            "id": 364,
            "month": "MAY",
            "segment": 2,
            "status": "peak",
            "unit": "bunch",
            "value": "1.99",
          },
          Object {
            "id": 365,
            "month": "MAY",
            "segment": 3,
            "status": "peak",
            "unit": "bunch",
            "value": "1.99",
          },
          Object {
            "id": 366,
            "month": "JUN",
            "segment": 1,
            "status": "peak",
            "unit": "bunch",
            "value": "1.99",
          },
          Object {
            "id": 367,
            "month": "JUN",
            "segment": 2,
            "status": "peak",
            "unit": "bunch",
            "value": "1.99",
          },
          Object {
            "id": 368,
            "month": "JUN",
            "segment": 3,
            "status": "peak",
            "unit": "bunch",
            "value": "1.99",
          },
          Object {
            "id": 369,
            "month": "JUL",
            "segment": 1,
            "status": "peak",
            "unit": "bunch",
            "value": "1.99",
          },
          Object {
            "id": 370,
            "month": "JUL",
            "segment": 2,
            "status": "peak",
            "unit": "bunch",
            "value": "1.99",
          },
          Object {
            "id": 371,
            "month": "AUG",
            "segment": 1,
            "status": "peak",
            "unit": "bunch",
            "value": "1.99",
          },
          Object {
            "id": 372,
            "month": "AUG",
            "segment": 2,
            "status": "peak",
            "unit": "bunch",
            "value": "1.99",
          },
          Object {
            "id": 373,
            "month": "AUG",
            "segment": 3,
            "status": "peak",
            "unit": "bunch",
            "value": "1.99",
          },
          Object {
            "id": 374,
            "month": "SEP",
            "segment": 1,
            "status": "peak",
            "unit": "bunch",
            "value": "1.99",
          },
          Object {
            "id": 375,
            "month": "SEP",
            "segment": 2,
            "status": "peak",
            "unit": "bunch",
            "value": "1.99",
          },
          Object {
            "id": 376,
            "month": "SEP",
            "segment": 3,
            "status": "peak",
            "unit": "bunch",
            "value": "1.99",
          },
          Object {
            "id": 377,
            "month": "OCT",
            "segment": 1,
            "status": "peak",
            "unit": "bunch",
            "value": "1.99",
          },
          Object {
            "id": 378,
            "month": "OCT",
            "segment": 2,
            "status": "peak",
            "unit": "bunch",
            "value": "1.99",
          },
          Object {
            "id": 379,
            "month": "OCT",
            "segment": 3,
            "status": "peak",
            "unit": "bunch",
            "value": "1.99",
          },
          Object {
            "id": 380,
            "month": "NOV",
            "segment": 1,
            "status": "peak",
            "unit": "bunch",
            "value": "1.99",
          },
          Object {
            "id": 381,
            "month": "NOV",
            "segment": 2,
            "status": "peak",
            "unit": "bunch",
            "value": "1.99",
          },
          Object {
            "id": 382,
            "month": "NOV",
            "segment": 3,
            "status": "peak",
            "unit": "bunch",
            "value": "1.99",
          },
          Object {
            "id": 383,
            "month": "DEC",
            "segment": 1,
            "status": "peak",
            "unit": "bunch",
            "value": "1.99",
          },
          Object {
            "id": 384,
            "month": "DEC",
            "segment": 2,
            "status": "peak",
            "unit": "bunch",
            "value": "1.99",
          },
          Object {
            "id": 385,
            "month": "DEC",
            "segment": 3,
            "status": "peak",
            "unit": "bunch",
            "value": "1.99",
          },
        ],
        "scientific_name": "Apium graveolens",
      }
    }
  />
  <Cell
    cellIndex={4}
    isActive=""
    key="APR-1"
    mPos={
      Object {
        "id": 360,
        "month": "APR",
        "segment": 1,
        "status": "early",
        "unit": "bunch",
        "value": "1.99",
      }
    }
    vegetable={
      Object {
        "category": Object {
          "id": 9,
          "key": "other",
          "label": "Other",
        },
        "id": 11,
        "key": "celery",
        "label": "Celery",
        "mPos": Array [
          Object {
            "id": 351,
            "month": "JAN",
            "segment": 1,
            "status": "late",
            "unit": "bunch",
            "value": "1.99",
          },
          Object {
            "id": 352,
            "month": "JAN",
            "segment": 2,
            "status": "late",
            "unit": "bunch",
            "value": "1.99",
          },
          Object {
            "id": 353,
            "month": "JAN",
            "segment": 3,
            "status": "late",
            "unit": "bunch",
            "value": "1.99",
          },
          Object {
            "id": 354,
            "month": "FEB",
            "segment": 1,
            "status": "none",
            "unit": "",
            "value": "0.00",
          },
          Object {
            "id": 355,
            "month": "FEB",
            "segment": 2,
            "status": "none",
            "unit": "",
            "value": "0.00",
          },
          Object {
            "id": 356,
            "month": "FEB",
            "segment": 3,
            "status": "none",
            "unit": "",
            "value": "0.00",
          },
          Object {
            "id": 357,
            "month": "MAR",
            "segment": 1,
            "status": "none",
            "unit": "",
            "value": "0.00",
          },
          Object {
            "id": 358,
            "month": "MAR",
            "segment": 2,
            "status": "none",
            "unit": "",
            "value": "0.00",
          },
          Object {
            "id": 359,
            "month": "MAR",
            "segment": 3,
            "status": "none",
            "unit": "",
            "value": "0.00",
          },
          Object {
            "id": 360,
            "month": "APR",
            "segment": 1,
            "status": "early",
            "unit": "bunch",
            "value": "1.99",
          },
          Object {
            "id": 361,
            "month": "APR",
            "segment": 2,
            "status": "early",
            "unit": "bunch",
            "value": "1.99",
          },
          Object {
            "id": 362,
            "month": "APR",
            "segment": 3,
            "status": "early",
            "unit": "bunch",
            "value": "1.99",
          },
          Object {
            "id": 363,
            "month": "MAY",
            "segment": 1,
            "status": "early",
            "unit": "bunch",
            "value": "1.99",
          },
          Object {
            "id": 364,
            "month": "MAY",
            "segment": 2,
            "status": "peak",
            "unit": "bunch",
            "value": "1.99",
          },
          Object {
            "id": 365,
            "month": "MAY",
            "segment": 3,
            "status": "peak",
            "unit": "bunch",
            "value": "1.99",
          },
          Object {
            "id": 366,
            "month": "JUN",
            "segment": 1,
            "status": "peak",
            "unit": "bunch",
            "value": "1.99",
          },
          Object {
            "id": 367,
            "month": "JUN",
            "segment": 2,
            "status": "peak",
            "unit": "bunch",
            "value": "1.99",
          },
          Object {
            "id": 368,
            "month": "JUN",
            "segment": 3,
            "status": "peak",
            "unit": "bunch",
            "value": "1.99",
          },
          Object {
            "id": 369,
            "month": "JUL",
            "segment": 1,
            "status": "peak",
            "unit": "bunch",
            "value": "1.99",
          },
          Object {
            "id": 370,
            "month": "JUL",
            "segment": 2,
            "status": "peak",
            "unit": "bunch",
            "value": "1.99",
          },
          Object {
            "id": 371,
            "month": "AUG",
            "segment": 1,
            "status": "peak",
            "unit": "bunch",
            "value": "1.99",
          },
          Object {
            "id": 372,
            "month": "AUG",
            "segment": 2,
            "status": "peak",
            "unit": "bunch",
            "value": "1.99",
          },
          Object {
            "id": 373,
            "month": "AUG",
            "segment": 3,
            "status": "peak",
            "unit": "bunch",
            "value": "1.99",
          },
          Object {
            "id": 374,
            "month": "SEP",
            "segment": 1,
            "status": "peak",
            "unit": "bunch",
            "value": "1.99",
          },
          Object {
            "id": 375,
            "month": "SEP",
            "segment": 2,
            "status": "peak",
            "unit": "bunch",
            "value": "1.99",
          },
          Object {
            "id": 376,
            "month": "SEP",
            "segment": 3,
            "status": "peak",
            "unit": "bunch",
            "value": "1.99",
          },
          Object {
            "id": 377,
            "month": "OCT",
            "segment": 1,
            "status": "peak",
            "unit": "bunch",
            "value": "1.99",
          },
          Object {
            "id": 378,
            "month": "OCT",
            "segment": 2,
            "status": "peak",
            "unit": "bunch",
            "value": "1.99",
          },
          Object {
            "id": 379,
            "month": "OCT",
            "segment": 3,
            "status": "peak",
            "unit": "bunch",
            "value": "1.99",
          },
          Object {
            "id": 380,
            "month": "NOV",
            "segment": 1,
            "status": "peak",
            "unit": "bunch",
            "value": "1.99",
          },
          Object {
            "id": 381,
            "month": "NOV",
            "segment": 2,
            "status": "peak",
            "unit": "bunch",
            "value": "1.99",
          },
          Object {
            "id": 382,
            "month": "NOV",
            "segment": 3,
            "status": "peak",
            "unit": "bunch",
            "value": "1.99",
          },
          Object {
            "id": 383,
            "month": "DEC",
            "segment": 1,
            "status": "peak",
            "unit": "bunch",
            "value": "1.99",
          },
          Object {
            "id": 384,
            "month": "DEC",
            "segment": 2,
            "status": "peak",
            "unit": "bunch",
            "value": "1.99",
          },
          Object {
            "id": 385,
            "month": "DEC",
            "segment": 3,
            "status": "peak",
            "unit": "bunch",
            "value": "1.99",
          },
        ],
        "scientific_name": "Apium graveolens",
      }
    }
  />
  <Cell
    cellIndex={5}
    isActive=""
    key="APR-2"
    mPos={
      Object {
        "id": 361,
        "month": "APR",
        "segment": 2,
        "status": "early",
        "unit": "bunch",
        "value": "1.99",
      }
    }
    vegetable={
      Object {
        "category": Object {
          "id": 9,
          "key": "other",
          "label": "Other",
        },
        "id": 11,
        "key": "celery",
        "label": "Celery",
        "mPos": Array [
          Object {
            "id": 351,
            "month": "JAN",
            "segment": 1,
            "status": "late",
            "unit": "bunch",
            "value": "1.99",
          },
          Object {
            "id": 352,
            "month": "JAN",
            "segment": 2,
            "status": "late",
            "unit": "bunch",
            "value": "1.99",
          },
          Object {
            "id": 353,
            "month": "JAN",
            "segment": 3,
            "status": "late",
            "unit": "bunch",
            "value": "1.99",
          },
          Object {
            "id": 354,
            "month": "FEB",
            "segment": 1,
            "status": "none",
            "unit": "",
            "value": "0.00",
          },
          Object {
            "id": 355,
            "month": "FEB",
            "segment": 2,
            "status": "none",
            "unit": "",
            "value": "0.00",
          },
          Object {
            "id": 356,
            "month": "FEB",
            "segment": 3,
            "status": "none",
            "unit": "",
            "value": "0.00",
          },
          Object {
            "id": 357,
            "month": "MAR",
            "segment": 1,
            "status": "none",
            "unit": "",
            "value": "0.00",
          },
          Object {
            "id": 358,
            "month": "MAR",
            "segment": 2,
            "status": "none",
            "unit": "",
            "value": "0.00",
          },
          Object {
            "id": 359,
            "month": "MAR",
            "segment": 3,
            "status": "none",
            "unit": "",
            "value": "0.00",
          },
          Object {
            "id": 360,
            "month": "APR",
            "segment": 1,
            "status": "early",
            "unit": "bunch",
            "value": "1.99",
          },
          Object {
            "id": 361,
            "month": "APR",
            "segment": 2,
            "status": "early",
            "unit": "bunch",
            "value": "1.99",
          },
          Object {
            "id": 362,
            "month": "APR",
            "segment": 3,
            "status": "early",
            "unit": "bunch",
            "value": "1.99",
          },
          Object {
            "id": 363,
            "month": "MAY",
            "segment": 1,
            "status": "early",
            "unit": "bunch",
            "value": "1.99",
          },
          Object {
            "id": 364,
            "month": "MAY",
            "segment": 2,
            "status": "peak",
            "unit": "bunch",
            "value": "1.99",
          },
          Object {
            "id": 365,
            "month": "MAY",
            "segment": 3,
            "status": "peak",
            "unit": "bunch",
            "value": "1.99",
          },
          Object {
            "id": 366,
            "month": "JUN",
            "segment": 1,
            "status": "peak",
            "unit": "bunch",
            "value": "1.99",
          },
          Object {
            "id": 367,
            "month": "JUN",
            "segment": 2,
            "status": "peak",
            "unit": "bunch",
            "value": "1.99",
          },
          Object {
            "id": 368,
            "month": "JUN",
            "segment": 3,
            "status": "peak",
            "unit": "bunch",
            "value": "1.99",
          },
          Object {
            "id": 369,
            "month": "JUL",
            "segment": 1,
            "status": "peak",
            "unit": "bunch",
            "value": "1.99",
          },
          Object {
            "id": 370,
            "month": "JUL",
            "segment": 2,
            "status": "peak",
            "unit": "bunch",
            "value": "1.99",
          },
          Object {
            "id": 371,
            "month": "AUG",
            "segment": 1,
            "status": "peak",
            "unit": "bunch",
            "value": "1.99",
          },
          Object {
            "id": 372,
            "month": "AUG",
            "segment": 2,
            "status": "peak",
            "unit": "bunch",
            "value": "1.99",
          },
          Object {
            "id": 373,
            "month": "AUG",
            "segment": 3,
            "status": "peak",
            "unit": "bunch",
            "value": "1.99",
          },
          Object {
            "id": 374,
            "month": "SEP",
            "segment": 1,
            "status": "peak",
            "unit": "bunch",
            "value": "1.99",
          },
          Object {
            "id": 375,
            "month": "SEP",
            "segment": 2,
            "status": "peak",
            "unit": "bunch",
            "value": "1.99",
          },
          Object {
            "id": 376,
            "month": "SEP",
            "segment": 3,
            "status": "peak",
            "unit": "bunch",
            "value": "1.99",
          },
          Object {
            "id": 377,
            "month": "OCT",
            "segment": 1,
            "status": "peak",
            "unit": "bunch",
            "value": "1.99",
          },
          Object {
            "id": 378,
            "month": "OCT",
            "segment": 2,
            "status": "peak",
            "unit": "bunch",
            "value": "1.99",
          },
          Object {
            "id": 379,
            "month": "OCT",
            "segment": 3,
            "status": "peak",
            "unit": "bunch",
            "value": "1.99",
          },
          Object {
            "id": 380,
            "month": "NOV",
            "segment": 1,
            "status": "peak",
            "unit": "bunch",
            "value": "1.99",
          },
          Object {
            "id": 381,
            "month": "NOV",
            "segment": 2,
            "status": "peak",
            "unit": "bunch",
            "value": "1.99",
          },
          Object {
            "id": 382,
            "month": "NOV",
            "segment": 3,
            "status": "peak",
            "unit": "bunch",
            "value": "1.99",
          },
          Object {
            "id": 383,
            "month": "DEC",
            "segment": 1,
            "status": "peak",
            "unit": "bunch",
            "value": "1.99",
          },
          Object {
            "id": 384,
            "month": "DEC",
            "segment": 2,
            "status": "peak",
            "unit": "bunch",
            "value": "1.99",
          },
          Object {
            "id": 385,
            "month": "DEC",
            "segment": 3,
            "status": "peak",
            "unit": "bunch",
            "value": "1.99",
          },
        ],
        "scientific_name": "Apium graveolens",
      }
    }
  />
  <Cell
    cellIndex={6}
    isActive=""
    key="APR-3"
    mPos={
      Object {
        "id": 362,
        "month": "APR",
        "segment": 3,
        "status": "early",
        "unit": "bunch",
        "value": "1.99",
      }
    }
    vegetable={
      Object {
        "category": Object {
          "id": 9,
          "key": "other",
          "label": "Other",
        },
        "id": 11,
        "key": "celery",
        "label": "Celery",
        "mPos": Array [
          Object {
            "id": 351,
            "month": "JAN",
            "segment": 1,
            "status": "late",
            "unit": "bunch",
            "value": "1.99",
          },
          Object {
            "id": 352,
            "month": "JAN",
            "segment": 2,
            "status": "late",
            "unit": "bunch",
            "value": "1.99",
          },
          Object {
            "id": 353,
            "month": "JAN",
            "segment": 3,
            "status": "late",
            "unit": "bunch",
            "value": "1.99",
          },
          Object {
            "id": 354,
            "month": "FEB",
            "segment": 1,
            "status": "none",
            "unit": "",
            "value": "0.00",
          },
          Object {
            "id": 355,
            "month": "FEB",
            "segment": 2,
            "status": "none",
            "unit": "",
            "value": "0.00",
          },
          Object {
            "id": 356,
            "month": "FEB",
            "segment": 3,
            "status": "none",
            "unit": "",
            "value": "0.00",
          },
          Object {
            "id": 357,
            "month": "MAR",
            "segment": 1,
            "status": "none",
            "unit": "",
            "value": "0.00",
          },
          Object {
            "id": 358,
            "month": "MAR",
            "segment": 2,
            "status": "none",
            "unit": "",
            "value": "0.00",
          },
          Object {
            "id": 359,
            "month": "MAR",
            "segment": 3,
            "status": "none",
            "unit": "",
            "value": "0.00",
          },
          Object {
            "id": 360,
            "month": "APR",
            "segment": 1,
            "status": "early",
            "unit": "bunch",
            "value": "1.99",
          },
          Object {
            "id": 361,
            "month": "APR",
            "segment": 2,
            "status": "early",
            "unit": "bunch",
            "value": "1.99",
          },
          Object {
            "id": 362,
            "month": "APR",
            "segment": 3,
            "status": "early",
            "unit": "bunch",
            "value": "1.99",
          },
          Object {
            "id": 363,
            "month": "MAY",
            "segment": 1,
            "status": "early",
            "unit": "bunch",
            "value": "1.99",
          },
          Object {
            "id": 364,
            "month": "MAY",
            "segment": 2,
            "status": "peak",
            "unit": "bunch",
            "value": "1.99",
          },
          Object {
            "id": 365,
            "month": "MAY",
            "segment": 3,
            "status": "peak",
            "unit": "bunch",
            "value": "1.99",
          },
          Object {
            "id": 366,
            "month": "JUN",
            "segment": 1,
            "status": "peak",
            "unit": "bunch",
            "value": "1.99",
          },
          Object {
            "id": 367,
            "month": "JUN",
            "segment": 2,
            "status": "peak",
            "unit": "bunch",
            "value": "1.99",
          },
          Object {
            "id": 368,
            "month": "JUN",
            "segment": 3,
            "status": "peak",
            "unit": "bunch",
            "value": "1.99",
          },
          Object {
            "id": 369,
            "month": "JUL",
            "segment": 1,
            "status": "peak",
            "unit": "bunch",
            "value": "1.99",
          },
          Object {
            "id": 370,
            "month": "JUL",
            "segment": 2,
            "status": "peak",
            "unit": "bunch",
            "value": "1.99",
          },
          Object {
            "id": 371,
            "month": "AUG",
            "segment": 1,
            "status": "peak",
            "unit": "bunch",
            "value": "1.99",
          },
          Object {
            "id": 372,
            "month": "AUG",
            "segment": 2,
            "status": "peak",
            "unit": "bunch",
            "value": "1.99",
          },
          Object {
            "id": 373,
            "month": "AUG",
            "segment": 3,
            "status": "peak",
            "unit": "bunch",
            "value": "1.99",
          },
          Object {
            "id": 374,
            "month": "SEP",
            "segment": 1,
            "status": "peak",
            "unit": "bunch",
            "value": "1.99",
          },
          Object {
            "id": 375,
            "month": "SEP",
            "segment": 2,
            "status": "peak",
            "unit": "bunch",
            "value": "1.99",
          },
          Object {
            "id": 376,
            "month": "SEP",
            "segment": 3,
            "status": "peak",
            "unit": "bunch",
            "value": "1.99",
          },
          Object {
            "id": 377,
            "month": "OCT",
            "segment": 1,
            "status": "peak",
            "unit": "bunch",
            "value": "1.99",
          },
          Object {
            "id": 378,
            "month": "OCT",
            "segment": 2,
            "status": "peak",
            "unit": "bunch",
            "value": "1.99",
          },
          Object {
            "id": 379,
            "month": "OCT",
            "segment": 3,
            "status": "peak",
            "unit": "bunch",
            "value": "1.99",
          },
          Object {
            "id": 380,
            "month": "NOV",
            "segment": 1,
            "status": "peak",
            "unit": "bunch",
            "value": "1.99",
          },
          Object {
            "id": 381,
            "month": "NOV",
            "segment": 2,
            "status": "peak",
            "unit": "bunch",
            "value": "1.99",
          },
          Object {
            "id": 382,
            "month": "NOV",
            "segment": 3,
            "status": "peak",
            "unit": "bunch",
            "value": "1.99",
          },
          Object {
            "id": 383,
            "month": "DEC",
            "segment": 1,
            "status": "peak",
            "unit": "bunch",
            "value": "1.99",
          },
          Object {
            "id": 384,
            "month": "DEC",
            "segment": 2,
            "status": "peak",
            "unit": "bunch",
            "value": "1.99",
          },
          Object {
            "id": 385,
            "month": "DEC",
            "segment": 3,
            "status": "peak",
            "unit": "bunch",
            "value": "1.99",
          },
        ],
        "scientific_name": "Apium graveolens",
      }
    }
  />
  <Cell
    cellIndex={7}
    isActive=""
    key="MAY-1"
    mPos={
      Object {
        "id": 363,
        "month": "MAY",
        "segment": 1,
        "status": "early",
        "unit": "bunch",
        "value": "1.99",
      }
    }
    vegetable={
      Object {
        "category": Object {
          "id": 9,
          "key": "other",
          "label": "Other",
        },
        "id": 11,
        "key": "celery",
        "label": "Celery",
        "mPos": Array [
          Object {
            "id": 351,
            "month": "JAN",
            "segment": 1,
            "status": "late",
            "unit": "bunch",
            "value": "1.99",
          },
          Object {
            "id": 352,
            "month": "JAN",
            "segment": 2,
            "status": "late",
            "unit": "bunch",
            "value": "1.99",
          },
          Object {
            "id": 353,
            "month": "JAN",
            "segment": 3,
            "status": "late",
            "unit": "bunch",
            "value": "1.99",
          },
          Object {
            "id": 354,
            "month": "FEB",
            "segment": 1,
            "status": "none",
            "unit": "",
            "value": "0.00",
          },
          Object {
            "id": 355,
            "month": "FEB",
            "segment": 2,
            "status": "none",
            "unit": "",
            "value": "0.00",
          },
          Object {
            "id": 356,
            "month": "FEB",
            "segment": 3,
            "status": "none",
            "unit": "",
            "value": "0.00",
          },
          Object {
            "id": 357,
            "month": "MAR",
            "segment": 1,
            "status": "none",
            "unit": "",
            "value": "0.00",
          },
          Object {
            "id": 358,
            "month": "MAR",
            "segment": 2,
            "status": "none",
            "unit": "",
            "value": "0.00",
          },
          Object {
            "id": 359,
            "month": "MAR",
            "segment": 3,
            "status": "none",
            "unit": "",
            "value": "0.00",
          },
          Object {
            "id": 360,
            "month": "APR",
            "segment": 1,
            "status": "early",
            "unit": "bunch",
            "value": "1.99",
          },
          Object {
            "id": 361,
            "month": "APR",
            "segment": 2,
            "status": "early",
            "unit": "bunch",
            "value": "1.99",
          },
          Object {
            "id": 362,
            "month": "APR",
            "segment": 3,
            "status": "early",
            "unit": "bunch",
            "value": "1.99",
          },
          Object {
            "id": 363,
            "month": "MAY",
            "segment": 1,
            "status": "early",
            "unit": "bunch",
            "value": "1.99",
          },
          Object {
            "id": 364,
            "month": "MAY",
            "segment": 2,
            "status": "peak",
            "unit": "bunch",
            "value": "1.99",
          },
          Object {
            "id": 365,
            "month": "MAY",
            "segment": 3,
            "status": "peak",
            "unit": "bunch",
            "value": "1.99",
          },
          Object {
            "id": 366,
            "month": "JUN",
            "segment": 1,
            "status": "peak",
            "unit": "bunch",
            "value": "1.99",
          },
          Object {
            "id": 367,
            "month": "JUN",
            "segment": 2,
            "status": "peak",
            "unit": "bunch",
            "value": "1.99",
          },
          Object {
            "id": 368,
            "month": "JUN",
            "segment": 3,
            "status": "peak",
            "unit": "bunch",
            "value": "1.99",
          },
          Object {
            "id": 369,
            "month": "JUL",
            "segment": 1,
            "status": "peak",
            "unit": "bunch",
            "value": "1.99",
          },
          Object {
            "id": 370,
            "month": "JUL",
            "segment": 2,
            "status": "peak",
            "unit": "bunch",
            "value": "1.99",
          },
          Object {
            "id": 371,
            "month": "AUG",
            "segment": 1,
            "status": "peak",
            "unit": "bunch",
            "value": "1.99",
          },
          Object {
            "id": 372,
            "month": "AUG",
            "segment": 2,
            "status": "peak",
            "unit": "bunch",
            "value": "1.99",
          },
          Object {
            "id": 373,
            "month": "AUG",
            "segment": 3,
            "status": "peak",
            "unit": "bunch",
            "value": "1.99",
          },
          Object {
            "id": 374,
            "month": "SEP",
            "segment": 1,
            "status": "peak",
            "unit": "bunch",
            "value": "1.99",
          },
          Object {
            "id": 375,
            "month": "SEP",
            "segment": 2,
            "status": "peak",
            "unit": "bunch",
            "value": "1.99",
          },
          Object {
            "id": 376,
            "month": "SEP",
            "segment": 3,
            "status": "peak",
            "unit": "bunch",
            "value": "1.99",
          },
          Object {
            "id": 377,
            "month": "OCT",
            "segment": 1,
            "status": "peak",
            "unit": "bunch",
            "value": "1.99",
          },
          Object {
            "id": 378,
            "month": "OCT",
            "segment": 2,
            "status": "peak",
            "unit": "bunch",
            "value": "1.99",
          },
          Object {
            "id": 379,
            "month": "OCT",
            "segment": 3,
            "status": "peak",
            "unit": "bunch",
            "value": "1.99",
          },
          Object {
            "id": 380,
            "month": "NOV",
            "segment": 1,
            "status": "peak",
            "unit": "bunch",
            "value": "1.99",
          },
          Object {
            "id": 381,
            "month": "NOV",
            "segment": 2,
            "status": "peak",
            "unit": "bunch",
            "value": "1.99",
          },
          Object {
            "id": 382,
            "month": "NOV",
            "segment": 3,
            "status": "peak",
            "unit": "bunch",
            "value": "1.99",
          },
          Object {
            "id": 383,
            "month": "DEC",
            "segment": 1,
            "status": "peak",
            "unit": "bunch",
            "value": "1.99",
          },
          Object {
            "id": 384,
            "month": "DEC",
            "segment": 2,
            "status": "peak",
            "unit": "bunch",
            "value": "1.99",
          },
          Object {
            "id": 385,
            "month": "DEC",
            "segment": 3,
            "status": "peak",
            "unit": "bunch",
            "value": "1.99",
          },
        ],
        "scientific_name": "Apium graveolens",
      }
    }
  />
  <Cell
    cellIndex={8}
    isActive="active"
    key="MAY-2"
    mPos={
      Object {
        "id": 364,
        "month": "MAY",
        "segment": 2,
        "status": "peak",
        "unit": "bunch",
        "value": "1.99",
      }
    }
    vegetable={
      Object {
        "category": Object {
          "id": 9,
          "key": "other",
          "label": "Other",
        },
        "id": 11,
        "key": "celery",
        "label": "Celery",
        "mPos": Array [
          Object {
            "id": 351,
            "month": "JAN",
            "segment": 1,
            "status": "late",
            "unit": "bunch",
            "value": "1.99",
          },
          Object {
            "id": 352,
            "month": "JAN",
            "segment": 2,
            "status": "late",
            "unit": "bunch",
            "value": "1.99",
          },
          Object {
            "id": 353,
            "month": "JAN",
            "segment": 3,
            "status": "late",
            "unit": "bunch",
            "value": "1.99",
          },
          Object {
            "id": 354,
            "month": "FEB",
            "segment": 1,
            "status": "none",
            "unit": "",
            "value": "0.00",
          },
          Object {
            "id": 355,
            "month": "FEB",
            "segment": 2,
            "status": "none",
            "unit": "",
            "value": "0.00",
          },
          Object {
            "id": 356,
            "month": "FEB",
            "segment": 3,
            "status": "none",
            "unit": "",
            "value": "0.00",
          },
          Object {
            "id": 357,
            "month": "MAR",
            "segment": 1,
            "status": "none",
            "unit": "",
            "value": "0.00",
          },
          Object {
            "id": 358,
            "month": "MAR",
            "segment": 2,
            "status": "none",
            "unit": "",
            "value": "0.00",
          },
          Object {
            "id": 359,
            "month": "MAR",
            "segment": 3,
            "status": "none",
            "unit": "",
            "value": "0.00",
          },
          Object {
            "id": 360,
            "month": "APR",
            "segment": 1,
            "status": "early",
            "unit": "bunch",
            "value": "1.99",
          },
          Object {
            "id": 361,
            "month": "APR",
            "segment": 2,
            "status": "early",
            "unit": "bunch",
            "value": "1.99",
          },
          Object {
            "id": 362,
            "month": "APR",
            "segment": 3,
            "status": "early",
            "unit": "bunch",
            "value": "1.99",
          },
          Object {
            "id": 363,
            "month": "MAY",
            "segment": 1,
            "status": "early",
            "unit": "bunch",
            "value": "1.99",
          },
          Object {
            "id": 364,
            "month": "MAY",
            "segment": 2,
            "status": "peak",
            "unit": "bunch",
            "value": "1.99",
          },
          Object {
            "id": 365,
            "month": "MAY",
            "segment": 3,
            "status": "peak",
            "unit": "bunch",
            "value": "1.99",
          },
          Object {
            "id": 366,
            "month": "JUN",
            "segment": 1,
            "status": "peak",
            "unit": "bunch",
            "value": "1.99",
          },
          Object {
            "id": 367,
            "month": "JUN",
            "segment": 2,
            "status": "peak",
            "unit": "bunch",
            "value": "1.99",
          },
          Object {
            "id": 368,
            "month": "JUN",
            "segment": 3,
            "status": "peak",
            "unit": "bunch",
            "value": "1.99",
          },
          Object {
            "id": 369,
            "month": "JUL",
            "segment": 1,
            "status": "peak",
            "unit": "bunch",
            "value": "1.99",
          },
          Object {
            "id": 370,
            "month": "JUL",
            "segment": 2,
            "status": "peak",
            "unit": "bunch",
            "value": "1.99",
          },
          Object {
            "id": 371,
            "month": "AUG",
            "segment": 1,
            "status": "peak",
            "unit": "bunch",
            "value": "1.99",
          },
          Object {
            "id": 372,
            "month": "AUG",
            "segment": 2,
            "status": "peak",
            "unit": "bunch",
            "value": "1.99",
          },
          Object {
            "id": 373,
            "month": "AUG",
            "segment": 3,
            "status": "peak",
            "unit": "bunch",
            "value": "1.99",
          },
          Object {
            "id": 374,
            "month": "SEP",
            "segment": 1,
            "status": "peak",
            "unit": "bunch",
            "value": "1.99",
          },
          Object {
            "id": 375,
            "month": "SEP",
            "segment": 2,
            "status": "peak",
            "unit": "bunch",
            "value": "1.99",
          },
          Object {
            "id": 376,
            "month": "SEP",
            "segment": 3,
            "status": "peak",
            "unit": "bunch",
            "value": "1.99",
          },
          Object {
            "id": 377,
            "month": "OCT",
            "segment": 1,
            "status": "peak",
            "unit": "bunch",
            "value": "1.99",
          },
          Object {
            "id": 378,
            "month": "OCT",
            "segment": 2,
            "status": "peak",
            "unit": "bunch",
            "value": "1.99",
          },
          Object {
            "id": 379,
            "month": "OCT",
            "segment": 3,
            "status": "peak",
            "unit": "bunch",
            "value": "1.99",
          },
          Object {
            "id": 380,
            "month": "NOV",
            "segment": 1,
            "status": "peak",
            "unit": "bunch",
            "value": "1.99",
          },
          Object {
            "id": 381,
            "month": "NOV",
            "segment": 2,
            "status": "peak",
            "unit": "bunch",
            "value": "1.99",
          },
          Object {
            "id": 382,
            "month": "NOV",
            "segment": 3,
            "status": "peak",
            "unit": "bunch",
            "value": "1.99",
          },
          Object {
            "id": 383,
            "month": "DEC",
            "segment": 1,
            "status": "peak",
            "unit": "bunch",
            "value": "1.99",
          },
          Object {
            "id": 384,
            "month": "DEC",
            "segment": 2,
            "status": "peak",
            "unit": "bunch",
            "value": "1.99",
          },
          Object {
            "id": 385,
            "month": "DEC",
            "segment": 3,
            "status": "peak",
            "unit": "bunch",
            "value": "1.99",
          },
        ],
        "scientific_name": "Apium graveolens",
      }
    }
  />
  <Cell
    cellIndex={9}
    isActive=""
    key="MAY-3"
    mPos={
      Object {
        "id": 365,
        "month": "MAY",
        "segment": 3,
        "status": "peak",
        "unit": "bunch",
        "value": "1.99",
      }
    }
    vegetable={
      Object {
        "category": Object {
          "id": 9,
          "key": "other",
          "label": "Other",
        },
        "id": 11,
        "key": "celery",
        "label": "Celery",
        "mPos": Array [
          Object {
            "id": 351,
            "month": "JAN",
            "segment": 1,
            "status": "late",
            "unit": "bunch",
            "value": "1.99",
          },
          Object {
            "id": 352,
            "month": "JAN",
            "segment": 2,
            "status": "late",
            "unit": "bunch",
            "value": "1.99",
          },
          Object {
            "id": 353,
            "month": "JAN",
            "segment": 3,
            "status": "late",
            "unit": "bunch",
            "value": "1.99",
          },
          Object {
            "id": 354,
            "month": "FEB",
            "segment": 1,
            "status": "none",
            "unit": "",
            "value": "0.00",
          },
          Object {
            "id": 355,
            "month": "FEB",
            "segment": 2,
            "status": "none",
            "unit": "",
            "value": "0.00",
          },
          Object {
            "id": 356,
            "month": "FEB",
            "segment": 3,
            "status": "none",
            "unit": "",
            "value": "0.00",
          },
          Object {
            "id": 357,
            "month": "MAR",
            "segment": 1,
            "status": "none",
            "unit": "",
            "value": "0.00",
          },
          Object {
            "id": 358,
            "month": "MAR",
            "segment": 2,
            "status": "none",
            "unit": "",
            "value": "0.00",
          },
          Object {
            "id": 359,
            "month": "MAR",
            "segment": 3,
            "status": "none",
            "unit": "",
            "value": "0.00",
          },
          Object {
            "id": 360,
            "month": "APR",
            "segment": 1,
            "status": "early",
            "unit": "bunch",
            "value": "1.99",
          },
          Object {
            "id": 361,
            "month": "APR",
            "segment": 2,
            "status": "early",
            "unit": "bunch",
            "value": "1.99",
          },
          Object {
            "id": 362,
            "month": "APR",
            "segment": 3,
            "status": "early",
            "unit": "bunch",
            "value": "1.99",
          },
          Object {
            "id": 363,
            "month": "MAY",
            "segment": 1,
            "status": "early",
            "unit": "bunch",
            "value": "1.99",
          },
          Object {
            "id": 364,
            "month": "MAY",
            "segment": 2,
            "status": "peak",
            "unit": "bunch",
            "value": "1.99",
          },
          Object {
            "id": 365,
            "month": "MAY",
            "segment": 3,
            "status": "peak",
            "unit": "bunch",
            "value": "1.99",
          },
          Object {
            "id": 366,
            "month": "JUN",
            "segment": 1,
            "status": "peak",
            "unit": "bunch",
            "value": "1.99",
          },
          Object {
            "id": 367,
            "month": "JUN",
            "segment": 2,
            "status": "peak",
            "unit": "bunch",
            "value": "1.99",
          },
          Object {
            "id": 368,
            "month": "JUN",
            "segment": 3,
            "status": "peak",
            "unit": "bunch",
            "value": "1.99",
          },
          Object {
            "id": 369,
            "month": "JUL",
            "segment": 1,
            "status": "peak",
            "unit": "bunch",
            "value": "1.99",
          },
          Object {
            "id": 370,
            "month": "JUL",
            "segment": 2,
            "status": "peak",
            "unit": "bunch",
            "value": "1.99",
          },
          Object {
            "id": 371,
            "month": "AUG",
            "segment": 1,
            "status": "peak",
            "unit": "bunch",
            "value": "1.99",
          },
          Object {
            "id": 372,
            "month": "AUG",
            "segment": 2,
            "status": "peak",
            "unit": "bunch",
            "value": "1.99",
          },
          Object {
            "id": 373,
            "month": "AUG",
            "segment": 3,
            "status": "peak",
            "unit": "bunch",
            "value": "1.99",
          },
          Object {
            "id": 374,
            "month": "SEP",
            "segment": 1,
            "status": "peak",
            "unit": "bunch",
            "value": "1.99",
          },
          Object {
            "id": 375,
            "month": "SEP",
            "segment": 2,
            "status": "peak",
            "unit": "bunch",
            "value": "1.99",
          },
          Object {
            "id": 376,
            "month": "SEP",
            "segment": 3,
            "status": "peak",
            "unit": "bunch",
            "value": "1.99",
          },
          Object {
            "id": 377,
            "month": "OCT",
            "segment": 1,
            "status": "peak",
            "unit": "bunch",
            "value": "1.99",
          },
          Object {
            "id": 378,
            "month": "OCT",
            "segment": 2,
            "status": "peak",
            "unit": "bunch",
            "value": "1.99",
          },
          Object {
            "id": 379,
            "month": "OCT",
            "segment": 3,
            "status": "peak",
            "unit": "bunch",
            "value": "1.99",
          },
          Object {
            "id": 380,
            "month": "NOV",
            "segment": 1,
            "status": "peak",
            "unit": "bunch",
            "value": "1.99",
          },
          Object {
            "id": 381,
            "month": "NOV",
            "segment": 2,
            "status": "peak",
            "unit": "bunch",
            "value": "1.99",
          },
          Object {
            "id": 382,
            "month": "NOV",
            "segment": 3,
            "status": "peak",
            "unit": "bunch",
            "value": "1.99",
          },
          Object {
            "id": 383,
            "month": "DEC",
            "segment": 1,
            "status": "peak",
            "unit": "bunch",
            "value": "1.99",
          },
          Object {
            "id": 384,
            "month": "DEC",
            "segment": 2,
            "status": "peak",
            "unit": "bunch",
            "value": "1.99",
          },
          Object {
            "id": 385,
            "month": "DEC",
            "segment": 3,
            "status": "peak",
            "unit": "bunch",
            "value": "1.99",
          },
        ],
        "scientific_name": "Apium graveolens",
      }
    }
  />
  <Cell
    cellIndex={10}
    isActive=""
    key="JUN-1"
    mPos={
      Object {
        "id": 366,
        "month": "JUN",
        "segment": 1,
        "status": "peak",
        "unit": "bunch",
        "value": "1.99",
      }
    }
    vegetable={
      Object {
        "category": Object {
          "id": 9,
          "key": "other",
          "label": "Other",
        },
        "id": 11,
        "key": "celery",
        "label": "Celery",
        "mPos": Array [
          Object {
            "id": 351,
            "month": "JAN",
            "segment": 1,
            "status": "late",
            "unit": "bunch",
            "value": "1.99",
          },
          Object {
            "id": 352,
            "month": "JAN",
            "segment": 2,
            "status": "late",
            "unit": "bunch",
            "value": "1.99",
          },
          Object {
            "id": 353,
            "month": "JAN",
            "segment": 3,
            "status": "late",
            "unit": "bunch",
            "value": "1.99",
          },
          Object {
            "id": 354,
            "month": "FEB",
            "segment": 1,
            "status": "none",
            "unit": "",
            "value": "0.00",
          },
          Object {
            "id": 355,
            "month": "FEB",
            "segment": 2,
            "status": "none",
            "unit": "",
            "value": "0.00",
          },
          Object {
            "id": 356,
            "month": "FEB",
            "segment": 3,
            "status": "none",
            "unit": "",
            "value": "0.00",
          },
          Object {
            "id": 357,
            "month": "MAR",
            "segment": 1,
            "status": "none",
            "unit": "",
            "value": "0.00",
          },
          Object {
            "id": 358,
            "month": "MAR",
            "segment": 2,
            "status": "none",
            "unit": "",
            "value": "0.00",
          },
          Object {
            "id": 359,
            "month": "MAR",
            "segment": 3,
            "status": "none",
            "unit": "",
            "value": "0.00",
          },
          Object {
            "id": 360,
            "month": "APR",
            "segment": 1,
            "status": "early",
            "unit": "bunch",
            "value": "1.99",
          },
          Object {
            "id": 361,
            "month": "APR",
            "segment": 2,
            "status": "early",
            "unit": "bunch",
            "value": "1.99",
          },
          Object {
            "id": 362,
            "month": "APR",
            "segment": 3,
            "status": "early",
            "unit": "bunch",
            "value": "1.99",
          },
          Object {
            "id": 363,
            "month": "MAY",
            "segment": 1,
            "status": "early",
            "unit": "bunch",
            "value": "1.99",
          },
          Object {
            "id": 364,
            "month": "MAY",
            "segment": 2,
            "status": "peak",
            "unit": "bunch",
            "value": "1.99",
          },
          Object {
            "id": 365,
            "month": "MAY",
            "segment": 3,
            "status": "peak",
            "unit": "bunch",
            "value": "1.99",
          },
          Object {
            "id": 366,
            "month": "JUN",
            "segment": 1,
            "status": "peak",
            "unit": "bunch",
            "value": "1.99",
          },
          Object {
            "id": 367,
            "month": "JUN",
            "segment": 2,
            "status": "peak",
            "unit": "bunch",
            "value": "1.99",
          },
          Object {
            "id": 368,
            "month": "JUN",
            "segment": 3,
            "status": "peak",
            "unit": "bunch",
            "value": "1.99",
          },
          Object {
            "id": 369,
            "month": "JUL",
            "segment": 1,
            "status": "peak",
            "unit": "bunch",
            "value": "1.99",
          },
          Object {
            "id": 370,
            "month": "JUL",
            "segment": 2,
            "status": "peak",
            "unit": "bunch",
            "value": "1.99",
          },
          Object {
            "id": 371,
            "month": "AUG",
            "segment": 1,
            "status": "peak",
            "unit": "bunch",
            "value": "1.99",
          },
          Object {
            "id": 372,
            "month": "AUG",
            "segment": 2,
            "status": "peak",
            "unit": "bunch",
            "value": "1.99",
          },
          Object {
            "id": 373,
            "month": "AUG",
            "segment": 3,
            "status": "peak",
            "unit": "bunch",
            "value": "1.99",
          },
          Object {
            "id": 374,
            "month": "SEP",
            "segment": 1,
            "status": "peak",
            "unit": "bunch",
            "value": "1.99",
          },
          Object {
            "id": 375,
            "month": "SEP",
            "segment": 2,
            "status": "peak",
            "unit": "bunch",
            "value": "1.99",
          },
          Object {
            "id": 376,
            "month": "SEP",
            "segment": 3,
            "status": "peak",
            "unit": "bunch",
            "value": "1.99",
          },
          Object {
            "id": 377,
            "month": "OCT",
            "segment": 1,
            "status": "peak",
            "unit": "bunch",
            "value": "1.99",
          },
          Object {
            "id": 378,
            "month": "OCT",
            "segment": 2,
            "status": "peak",
            "unit": "bunch",
            "value": "1.99",
          },
          Object {
            "id": 379,
            "month": "OCT",
            "segment": 3,
            "status": "peak",
            "unit": "bunch",
            "value": "1.99",
          },
          Object {
            "id": 380,
            "month": "NOV",
            "segment": 1,
            "status": "peak",
            "unit": "bunch",
            "value": "1.99",
          },
          Object {
            "id": 381,
            "month": "NOV",
            "segment": 2,
            "status": "peak",
            "unit": "bunch",
            "value": "1.99",
          },
          Object {
            "id": 382,
            "month": "NOV",
            "segment": 3,
            "status": "peak",
            "unit": "bunch",
            "value": "1.99",
          },
          Object {
            "id": 383,
            "month": "DEC",
            "segment": 1,
            "status": "peak",
            "unit": "bunch",
            "value": "1.99",
          },
          Object {
            "id": 384,
            "month": "DEC",
            "segment": 2,
            "status": "peak",
            "unit": "bunch",
            "value": "1.99",
          },
          Object {
            "id": 385,
            "month": "DEC",
            "segment": 3,
            "status": "peak",
            "unit": "bunch",
            "value": "1.99",
          },
        ],
        "scientific_name": "Apium graveolens",
      }
    }
  />
  <Cell
    cellIndex={11}
    isActive=""
    key="JUN-2"
    mPos={
      Object {
        "id": 367,
        "month": "JUN",
        "segment": 2,
        "status": "peak",
        "unit": "bunch",
        "value": "1.99",
      }
    }
    vegetable={
      Object {
        "category": Object {
          "id": 9,
          "key": "other",
          "label": "Other",
        },
        "id": 11,
        "key": "celery",
        "label": "Celery",
        "mPos": Array [
          Object {
            "id": 351,
            "month": "JAN",
            "segment": 1,
            "status": "late",
            "unit": "bunch",
            "value": "1.99",
          },
          Object {
            "id": 352,
            "month": "JAN",
            "segment": 2,
            "status": "late",
            "unit": "bunch",
            "value": "1.99",
          },
          Object {
            "id": 353,
            "month": "JAN",
            "segment": 3,
            "status": "late",
            "unit": "bunch",
            "value": "1.99",
          },
          Object {
            "id": 354,
            "month": "FEB",
            "segment": 1,
            "status": "none",
            "unit": "",
            "value": "0.00",
          },
          Object {
            "id": 355,
            "month": "FEB",
            "segment": 2,
            "status": "none",
            "unit": "",
            "value": "0.00",
          },
          Object {
            "id": 356,
            "month": "FEB",
            "segment": 3,
            "status": "none",
            "unit": "",
            "value": "0.00",
          },
          Object {
            "id": 357,
            "month": "MAR",
            "segment": 1,
            "status": "none",
            "unit": "",
            "value": "0.00",
          },
          Object {
            "id": 358,
            "month": "MAR",
            "segment": 2,
            "status": "none",
            "unit": "",
            "value": "0.00",
          },
          Object {
            "id": 359,
            "month": "MAR",
            "segment": 3,
            "status": "none",
            "unit": "",
            "value": "0.00",
          },
          Object {
            "id": 360,
            "month": "APR",
            "segment": 1,
            "status": "early",
            "unit": "bunch",
            "value": "1.99",
          },
          Object {
            "id": 361,
            "month": "APR",
            "segment": 2,
            "status": "early",
            "unit": "bunch",
            "value": "1.99",
          },
          Object {
            "id": 362,
            "month": "APR",
            "segment": 3,
            "status": "early",
            "unit": "bunch",
            "value": "1.99",
          },
          Object {
            "id": 363,
            "month": "MAY",
            "segment": 1,
            "status": "early",
            "unit": "bunch",
            "value": "1.99",
          },
          Object {
            "id": 364,
            "month": "MAY",
            "segment": 2,
            "status": "peak",
            "unit": "bunch",
            "value": "1.99",
          },
          Object {
            "id": 365,
            "month": "MAY",
            "segment": 3,
            "status": "peak",
            "unit": "bunch",
            "value": "1.99",
          },
          Object {
            "id": 366,
            "month": "JUN",
            "segment": 1,
            "status": "peak",
            "unit": "bunch",
            "value": "1.99",
          },
          Object {
            "id": 367,
            "month": "JUN",
            "segment": 2,
            "status": "peak",
            "unit": "bunch",
            "value": "1.99",
          },
          Object {
            "id": 368,
            "month": "JUN",
            "segment": 3,
            "status": "peak",
            "unit": "bunch",
            "value": "1.99",
          },
          Object {
            "id": 369,
            "month": "JUL",
            "segment": 1,
            "status": "peak",
            "unit": "bunch",
            "value": "1.99",
          },
          Object {
            "id": 370,
            "month": "JUL",
            "segment": 2,
            "status": "peak",
            "unit": "bunch",
            "value": "1.99",
          },
          Object {
            "id": 371,
            "month": "AUG",
            "segment": 1,
            "status": "peak",
            "unit": "bunch",
            "value": "1.99",
          },
          Object {
            "id": 372,
            "month": "AUG",
            "segment": 2,
            "status": "peak",
            "unit": "bunch",
            "value": "1.99",
          },
          Object {
            "id": 373,
            "month": "AUG",
            "segment": 3,
            "status": "peak",
            "unit": "bunch",
            "value": "1.99",
          },
          Object {
            "id": 374,
            "month": "SEP",
            "segment": 1,
            "status": "peak",
            "unit": "bunch",
            "value": "1.99",
          },
          Object {
            "id": 375,
            "month": "SEP",
            "segment": 2,
            "status": "peak",
            "unit": "bunch",
            "value": "1.99",
          },
          Object {
            "id": 376,
            "month": "SEP",
            "segment": 3,
            "status": "peak",
            "unit": "bunch",
            "value": "1.99",
          },
          Object {
            "id": 377,
            "month": "OCT",
            "segment": 1,
            "status": "peak",
            "unit": "bunch",
            "value": "1.99",
          },
          Object {
            "id": 378,
            "month": "OCT",
            "segment": 2,
            "status": "peak",
            "unit": "bunch",
            "value": "1.99",
          },
          Object {
            "id": 379,
            "month": "OCT",
            "segment": 3,
            "status": "peak",
            "unit": "bunch",
            "value": "1.99",
          },
          Object {
            "id": 380,
            "month": "NOV",
            "segment": 1,
            "status": "peak",
            "unit": "bunch",
            "value": "1.99",
          },
          Object {
            "id": 381,
            "month": "NOV",
            "segment": 2,
            "status": "peak",
            "unit": "bunch",
            "value": "1.99",
          },
          Object {
            "id": 382,
            "month": "NOV",
            "segment": 3,
            "status": "peak",
            "unit": "bunch",
            "value": "1.99",
          },
          Object {
            "id": 383,
            "month": "DEC",
            "segment": 1,
            "status": "peak",
            "unit": "bunch",
            "value": "1.99",
          },
          Object {
            "id": 384,
            "month": "DEC",
            "segment": 2,
            "status": "peak",
            "unit": "bunch",
            "value": "1.99",
          },
          Object {
            "id": 385,
            "month": "DEC",
            "segment": 3,
            "status": "peak",
            "unit": "bunch",
            "value": "1.99",
          },
        ],
        "scientific_name": "Apium graveolens",
      }
    }
  />
  <Cell
    cellIndex={12}
    isActive=""
    key="JUN-3"
    mPos={
      Object {
        "id": 368,
        "month": "JUN",
        "segment": 3,
        "status": "peak",
        "unit": "bunch",
        "value": "1.99",
      }
    }
    vegetable={
      Object {
        "category": Object {
          "id": 9,
          "key": "other",
          "label": "Other",
        },
        "id": 11,
        "key": "celery",
        "label": "Celery",
        "mPos": Array [
          Object {
            "id": 351,
            "month": "JAN",
            "segment": 1,
            "status": "late",
            "unit": "bunch",
            "value": "1.99",
          },
          Object {
            "id": 352,
            "month": "JAN",
            "segment": 2,
            "status": "late",
            "unit": "bunch",
            "value": "1.99",
          },
          Object {
            "id": 353,
            "month": "JAN",
            "segment": 3,
            "status": "late",
            "unit": "bunch",
            "value": "1.99",
          },
          Object {
            "id": 354,
            "month": "FEB",
            "segment": 1,
            "status": "none",
            "unit": "",
            "value": "0.00",
          },
          Object {
            "id": 355,
            "month": "FEB",
            "segment": 2,
            "status": "none",
            "unit": "",
            "value": "0.00",
          },
          Object {
            "id": 356,
            "month": "FEB",
            "segment": 3,
            "status": "none",
            "unit": "",
            "value": "0.00",
          },
          Object {
            "id": 357,
            "month": "MAR",
            "segment": 1,
            "status": "none",
            "unit": "",
            "value": "0.00",
          },
          Object {
            "id": 358,
            "month": "MAR",
            "segment": 2,
            "status": "none",
            "unit": "",
            "value": "0.00",
          },
          Object {
            "id": 359,
            "month": "MAR",
            "segment": 3,
            "status": "none",
            "unit": "",
            "value": "0.00",
          },
          Object {
            "id": 360,
            "month": "APR",
            "segment": 1,
            "status": "early",
            "unit": "bunch",
            "value": "1.99",
          },
          Object {
            "id": 361,
            "month": "APR",
            "segment": 2,
            "status": "early",
            "unit": "bunch",
            "value": "1.99",
          },
          Object {
            "id": 362,
            "month": "APR",
            "segment": 3,
            "status": "early",
            "unit": "bunch",
            "value": "1.99",
          },
          Object {
            "id": 363,
            "month": "MAY",
            "segment": 1,
            "status": "early",
            "unit": "bunch",
            "value": "1.99",
          },
          Object {
            "id": 364,
            "month": "MAY",
            "segment": 2,
            "status": "peak",
            "unit": "bunch",
            "value": "1.99",
          },
          Object {
            "id": 365,
            "month": "MAY",
            "segment": 3,
            "status": "peak",
            "unit": "bunch",
            "value": "1.99",
          },
          Object {
            "id": 366,
            "month": "JUN",
            "segment": 1,
            "status": "peak",
            "unit": "bunch",
            "value": "1.99",
          },
          Object {
            "id": 367,
            "month": "JUN",
            "segment": 2,
            "status": "peak",
            "unit": "bunch",
            "value": "1.99",
          },
          Object {
            "id": 368,
            "month": "JUN",
            "segment": 3,
            "status": "peak",
            "unit": "bunch",
            "value": "1.99",
          },
          Object {
            "id": 369,
            "month": "JUL",
            "segment": 1,
            "status": "peak",
            "unit": "bunch",
            "value": "1.99",
          },
          Object {
            "id": 370,
            "month": "JUL",
            "segment": 2,
            "status": "peak",
            "unit": "bunch",
            "value": "1.99",
          },
          Object {
            "id": 371,
            "month": "AUG",
            "segment": 1,
            "status": "peak",
            "unit": "bunch",
            "value": "1.99",
          },
          Object {
            "id": 372,
            "month": "AUG",
            "segment": 2,
            "status": "peak",
            "unit": "bunch",
            "value": "1.99",
          },
          Object {
            "id": 373,
            "month": "AUG",
            "segment": 3,
            "status": "peak",
            "unit": "bunch",
            "value": "1.99",
          },
          Object {
            "id": 374,
            "month": "SEP",
            "segment": 1,
            "status": "peak",
            "unit": "bunch",
            "value": "1.99",
          },
          Object {
            "id": 375,
            "month": "SEP",
            "segment": 2,
            "status": "peak",
            "unit": "bunch",
            "value": "1.99",
          },
          Object {
            "id": 376,
            "month": "SEP",
            "segment": 3,
            "status": "peak",
            "unit": "bunch",
            "value": "1.99",
          },
          Object {
            "id": 377,
            "month": "OCT",
            "segment": 1,
            "status": "peak",
            "unit": "bunch",
            "value": "1.99",
          },
          Object {
            "id": 378,
            "month": "OCT",
            "segment": 2,
            "status": "peak",
            "unit": "bunch",
            "value": "1.99",
          },
          Object {
            "id": 379,
            "month": "OCT",
            "segment": 3,
            "status": "peak",
            "unit": "bunch",
            "value": "1.99",
          },
          Object {
            "id": 380,
            "month": "NOV",
            "segment": 1,
            "status": "peak",
            "unit": "bunch",
            "value": "1.99",
          },
          Object {
            "id": 381,
            "month": "NOV",
            "segment": 2,
            "status": "peak",
            "unit": "bunch",
            "value": "1.99",
          },
          Object {
            "id": 382,
            "month": "NOV",
            "segment": 3,
            "status": "peak",
            "unit": "bunch",
            "value": "1.99",
          },
          Object {
            "id": 383,
            "month": "DEC",
            "segment": 1,
            "status": "peak",
            "unit": "bunch",
            "value": "1.99",
          },
          Object {
            "id": 384,
            "month": "DEC",
            "segment": 2,
            "status": "peak",
            "unit": "bunch",
            "value": "1.99",
          },
          Object {
            "id": 385,
            "month": "DEC",
            "segment": 3,
            "status": "peak",
            "unit": "bunch",
            "value": "1.99",
          },
        ],
        "scientific_name": "Apium graveolens",
      }
    }
  />
</div>
`;
