// Jest Snapshot v1, https://goo.gl/fbAQLP

exports[`CalendarRow should render 1`] = `
<div
  className="calendar-row"
>
  <div
    className="calendar-cell cell-label"
  >
    <p>
      Celery
    </p>
    <small>
       
      Other
       | 
      <em>
        Apium graveolens
      </em>
    </small>
  </div>
  <Cell
    category="other"
    cellIndex={1}
    id="celery-MAR-1"
    isActive=""
    key="celery-MAR-1"
    mPos={
      Object {
        "id": 357,
        "month": "MAR",
        "segment": 1,
        "status": "none",
        "unit": "",
        "value": "0.00",
      }
    }
  />
  <Cell
    category="other"
    cellIndex={2}
    id="celery-MAR-2"
    isActive=""
    key="celery-MAR-2"
    mPos={
      Object {
        "id": 358,
        "month": "MAR",
        "segment": 2,
        "status": "none",
        "unit": "",
        "value": "0.00",
      }
    }
  />
  <Cell
    category="other"
    cellIndex={3}
    id="celery-MAR-3"
    isActive=""
    key="celery-MAR-3"
    mPos={
      Object {
        "id": 359,
        "month": "MAR",
        "segment": 3,
        "status": "none",
        "unit": "",
        "value": "0.00",
      }
    }
  />
  <Cell
    category="other"
    cellIndex={4}
    id="celery-APR-1"
    isActive=""
    key="celery-APR-1"
    mPos={
      Object {
        "id": 360,
        "month": "APR",
        "segment": 1,
        "status": "early",
        "unit": "bunch",
        "value": "1.99",
      }
    }
  />
  <Cell
    category="other"
    cellIndex={5}
    id="celery-APR-2"
    isActive=""
    key="celery-APR-2"
    mPos={
      Object {
        "id": 361,
        "month": "APR",
        "segment": 2,
        "status": "early",
        "unit": "bunch",
        "value": "1.99",
      }
    }
  />
  <Cell
    category="other"
    cellIndex={6}
    id="celery-APR-3"
    isActive=""
    key="celery-APR-3"
    mPos={
      Object {
        "id": 362,
        "month": "APR",
        "segment": 3,
        "status": "early",
        "unit": "bunch",
        "value": "1.99",
      }
    }
  />
  <Cell
    category="other"
    cellIndex={7}
    id="celery-MAY-1"
    isActive=""
    key="celery-MAY-1"
    mPos={
      Object {
        "id": 363,
        "month": "MAY",
        "segment": 1,
        "status": "early",
        "unit": "bunch",
        "value": "1.99",
      }
    }
  />
  <Cell
    category="other"
    cellIndex={8}
    id="celery-MAY-2"
    isActive="active"
    key="celery-MAY-2"
    mPos={
      Object {
        "id": 364,
        "month": "MAY",
        "segment": 2,
        "status": "peak",
        "unit": "bunch",
        "value": "1.99",
      }
    }
  />
  <Cell
    category="other"
    cellIndex={9}
    id="celery-MAY-3"
    isActive=""
    key="celery-MAY-3"
    mPos={
      Object {
        "id": 365,
        "month": "MAY",
        "segment": 3,
        "status": "peak",
        "unit": "bunch",
        "value": "1.99",
      }
    }
  />
  <Cell
    category="other"
    cellIndex={10}
    id="celery-JUN-1"
    isActive=""
    key="celery-JUN-1"
    mPos={
      Object {
        "id": 366,
        "month": "JUN",
        "segment": 1,
        "status": "peak",
        "unit": "bunch",
        "value": "1.99",
      }
    }
  />
  <Cell
    category="other"
    cellIndex={11}
    id="celery-JUN-2"
    isActive=""
    key="celery-JUN-2"
    mPos={
      Object {
        "id": 367,
        "month": "JUN",
        "segment": 2,
        "status": "peak",
        "unit": "bunch",
        "value": "1.99",
      }
    }
  />
  <Cell
    category="other"
    cellIndex={12}
    id="celery-JUN-3"
    isActive=""
    key="celery-JUN-3"
    mPos={
      Object {
        "id": 368,
        "month": "JUN",
        "segment": 3,
        "status": "peak",
        "unit": "bunch",
        "value": "1.99",
      }
    }
  />
</div>
`;
